// Jest Snapshot v1, https://goo.gl/fbAQLP

exports[`TwoLineLoadingListItem match snapshot 1`] = `
<div>
  <div>
    <div />
    <div />
    <div />
    <div />
    <div />
    <div />
    <div />
  </div>
</div>
`;
