// Jest Snapshot v1, https://goo.gl/fbAQLP

exports[`App container shows default home page 1`] = `
<div>
  <AppBar
    showMenuIconButton={false}
    title="Podcaster"
    zDepth={1}
  />
  <AppContainer>
    <Headline />
    <Connect(PodcastList) />
  </AppContainer>
</div>
`;
