// Jest Snapshot v1, https://goo.gl/fbAQLP

exports[`PodcastFilter container match snapshot 1`] = `
<form>
  <SelectField
    autoWidth={false}
    disabled={false}
    floatingLabelFixed={true}
    fullWidth={false}
    multiple={false}
    onChange={[Function]}
    value=""
  >
    <MenuItem
      anchorOrigin={
        Object {
          "horizontal": "right",
          "vertical": "top",
        }
      }
      checked={false}
      desktop={false}
      disabled={false}
      focusState="none"
      insetChildren={false}
      primaryText="all"
      targetOrigin={
        Object {
          "horizontal": "left",
          "vertical": "top",
        }
      }
      value=""
    />
    <MenuItem
      anchorOrigin={
        Object {
          "horizontal": "right",
          "vertical": "top",
        }
      }
      checked={false}
      desktop={false}
      disabled={false}
      focusState="none"
      insetChildren={false}
      primaryText="politics"
      targetOrigin={
        Object {
          "horizontal": "left",
          "vertical": "top",
        }
      }
      value="2"
    />
    <MenuItem
      anchorOrigin={
        Object {
          "horizontal": "right",
          "vertical": "top",
        }
      }
      checked={false}
      desktop={false}
      disabled={false}
      focusState="none"
      insetChildren={false}
      primaryText="comedy"
      targetOrigin={
        Object {
          "horizontal": "left",
          "vertical": "top",
        }
      }
      value="4"
    />
  </SelectField>
  <SelectField
    autoWidth={false}
    disabled={false}
    floatingLabelFixed={true}
    fullWidth={false}
    multiple={false}
    onChange={[Function]}
    value={10}
  >
    <MenuItem
      anchorOrigin={
        Object {
          "horizontal": "right",
          "vertical": "top",
        }
      }
      checked={false}
      desktop={false}
      disabled={false}
      focusState="none"
      insetChildren={false}
      primaryText={10}
      targetOrigin={
        Object {
          "horizontal": "left",
          "vertical": "top",
        }
      }
      value={10}
    />
    <MenuItem
      anchorOrigin={
        Object {
          "horizontal": "right",
          "vertical": "top",
        }
      }
      checked={false}
      desktop={false}
      disabled={false}
      focusState="none"
      insetChildren={false}
      primaryText={25}
      targetOrigin={
        Object {
          "horizontal": "left",
          "vertical": "top",
        }
      }
      value={25}
    />
    <MenuItem
      anchorOrigin={
        Object {
          "horizontal": "right",
          "vertical": "top",
        }
      }
      checked={false}
      desktop={false}
      disabled={false}
      focusState="none"
      insetChildren={false}
      primaryText={50}
      targetOrigin={
        Object {
          "horizontal": "left",
          "vertical": "top",
        }
      }
      value={50}
    />
    <MenuItem
      anchorOrigin={
        Object {
          "horizontal": "right",
          "vertical": "top",
        }
      }
      checked={false}
      desktop={false}
      disabled={false}
      focusState="none"
      insetChildren={false}
      primaryText={100}
      targetOrigin={
        Object {
          "horizontal": "left",
          "vertical": "top",
        }
      }
      value={100}
    />
  </SelectField>
  <Toggle
    defaultToggled={false}
    disabled={false}
    labelPosition="left"
    onToggle={[Function]}
  />
</form>
`;
