// Jest Snapshot v1, https://goo.gl/fbAQLP

exports[`entitites countries reducer should handle FETCH_COUNTRIES_SUCCESS 1`] = `undefined`;

exports[`entitites countries reducer should return the initial state 1`] = `Object {}`;
