// Jest Snapshot v1, https://goo.gl/fbAQLP

exports[`Headline match snapshot 1`] = `<h2 />`;
